###############################################################################
#
# IAR ELF Linker V8.22.1.15669/W32 for ARM                21/Mar/2019  13:56:11
# Copyright 2007-2018 IAR Systems AB.
#
#    Output file  =  D:\智能车\znc\Debug\Exe\K66_template.out
#    Map file     =  D:\智能车\znc\Debug\List\K66_template.map
#    Command line =  
#        -f C:\Users\bread\AppData\Local\Temp\EWABDD.tmp
#        (D:\智能车\znc\Debug\Obj\ADC.o D:\智能车\znc\Debug\Obj\common.o
#        D:\智能车\znc\Debug\Obj\crt0.o D:\智能车\znc\Debug\Obj\DMA.o
#        D:\智能车\znc\Debug\Obj\exti.o D:\智能车\znc\Debug\Obj\FTM.o
#        D:\智能车\znc\Debug\Obj\func.o D:\智能车\znc\Debug\Obj\GPIO.o
#        D:\智能车\znc\Debug\Obj\I2C.o D:\智能车\znc\Debug\Obj\isr.o
#        D:\智能车\znc\Debug\Obj\lptmr.o
#        D:\智能车\znc\Debug\Obj\LQIIC6050.o
#        D:\智能车\znc\Debug\Obj\LQMT9V034.o
#        D:\智能车\znc\Debug\Obj\main.o D:\智能车\znc\Debug\Obj\motor.o
#        D:\智能车\znc\Debug\Obj\OLED.o D:\智能车\znc\Debug\Obj\pid.o
#        D:\智能车\znc\Debug\Obj\PIT.o D:\智能车\znc\Debug\Obj\PLL.o
#        D:\智能车\znc\Debug\Obj\port.o D:\智能车\znc\Debug\Obj\RTC.o
#        D:\智能车\znc\Debug\Obj\start.o D:\智能车\znc\Debug\Obj\steer.o
#        D:\智能车\znc\Debug\Obj\system_MK66F18.o
#        D:\智能车\znc\Debug\Obj\Systick.o
#        D:\智能车\znc\Debug\Obj\u_iic.o D:\智能车\znc\Debug\Obj\UART.o
#        D:\智能车\znc\Debug\Obj\vectors.o D:\智能车\znc\Debug\Obj\wdog.o
#        -o D:\智能车\znc\Debug\Exe\K66_template.out --map
#        D:\智能车\znc\Debug\List\K66_template.map --config
#        D:\智能车\znc\Linker_Files\LQK66FLASH1M.icf --semihosting --entry
#        __iar_program_start --vfe --text_out locale)
#
###############################################################################

*******************************************************************************
*** RUNTIME MODEL ATTRIBUTES
***

CppFlavor       = *
__Heap_Handler  = DLMalloc
__SystemLibrary = DLib
__dlib_version  = 6


*******************************************************************************
*** HEAP SELECTION
***

The advanced heap was selected because the application calls memory
allocation functions outside of system library functions, and there
are calls to deallocation functions in the application.


*******************************************************************************
*** PLACEMENT SUMMARY
***

"A0":  place at 0x00000000 { ro section .intvec };
"A1":  place at 0x00000410 { ro section .noinit };
define block CodeRelocate { section .textrw_init };
"P1":  place in [from 0x00000000 to 0x00100000] |
                [from 0x10000000 to 0x10040000] { ro, block CodeRelocate };
define block CodeRelocateRam { section .textrw };
define block CSTACK with size = 8K, alignment = 8 { };
define block HEAP with size = 16K, alignment = 8 { };
"P2":  place in [from 0x1fff0410 to 0x20030000] {
          rw, block CodeRelocateRam, block CSTACK, block HEAP };
initialize manually with packing = copy, complex ranges { section .data };
initialize manually with packing = copy, complex ranges { section .textrw };

  Section              Kind        Address    Size  Object
  -------              ----        -------    ----  ------
"A0":                                        0x1d0
  .intvec              const    0x00000000   0x1d0  vectors.o [1]
                              - 0x000001d0   0x1d0

"P1", part 1 of 2:                             0x0
  .rodata              const    0x000001d0     0x0  zero_init3.o [5]

"A1":                                         0x7c
  .noinit              ro code  0x00000410    0x7c  crt0.o [1]
                              - 0x0000048c    0x7c

"P1", part 2 of 2:                          0x3224
  .text                ro code  0x0000048c   0xe22  xprintffull_nomb.o [3]
  .text                ro code  0x000012b0    0x16  strchr.o [5]
  .text                ro code  0x000012c8    0x40  xfail_s.o [3]
  .text                ro code  0x00001308    0x36  strlen.o [5]
  .text                ro code  0x00001340    0x58  memchr.o [5]
  .text                ro code  0x00001398   0x22e  I64DivMod.o [5]
  .text                ro code  0x000015c8   0x1a2  DblMul.o [4]
  .text                ro code  0x0000176c    0xa6  ABImemcpy.o [5]
  .text                ro code  0x00001814    0x70  frexp.o [4]
  .text                ro code  0x00001884    0x2e  DblCmpLe.o [4]
  .text                ro code  0x000018b4    0x2e  DblCmpGe.o [4]
  .text                ro code  0x000018e4   0x13a  ldexp.o [4]
  .text                ro code  0x00001a20    0x3a  DblToS32.o [4]
  .text                ro code  0x00001a5c    0x22  S32ToDbl.o [4]
  .text                ro code  0x00001a80    0xe2  DblSub.o [4]
  .text                ro code  0x00001b64   0x246  DblDiv.o [4]
  .text                ro code  0x00001dac    0x28  DblToU32.o [4]
  .text                ro code  0x00001dd4    0x1a  U32ToDbl.o [4]
  .text                ro code  0x00001dee     0x6  abort.o [3]
  .text                ro code  0x00001df4     0x2  I64DivZer.o [5]
  .text                ro code  0x00001df8   0x168  DblAdd.o [4]
  .text                ro code  0x00001f60    0x14  exit.o [6]
  .text                ro code  0x00001f74    0x7c  iarttio.o [6]
  .text                ro code  0x00001ff0    0x3c  XShttio.o [3]
  .text                ro code  0x0000202c   0x49c  FTM.o [1]
  .text                ro code  0x000024c8    0x54  port.o [1]
  .text                ro code  0x0000251c   0x454  UART.o [1]
  .text                ro code  0x00002970   0x278  ADC.o [1]
  .text                ro code  0x00002be8   0x158  PLL.o [1]
  .text                ro code  0x00002d40   0x118  vectors.o [1]
  .text                ro code  0x00002e58    0x28  printf.o [3]
  .text                ro code  0x00002e80    0xe8  isr.o [1]
  .text                ro code  0x00002f68    0xcc  motor.o [1]
  .text                ro code  0x00003034    0xbc  pid.o [1]
  .text                ro code  0x000030f0    0xc4  start.o [1]
  .text                ro code  0x000031b4    0x38  wdog.o [1]
  .text                ro code  0x000031ec    0x56  main.o [1]
  .text                ro code  0x00003244     0xc  common.o [1]
  .text                ro code  0x00003250    0xb8  PIT.o [1]
  Veneer               ro code  0x00003308     0x8  - Linker created -
  .text                ro code  0x00003310    0x94  LQMT9V034.o [1]
  .data_init                    0x000033a4    0x58  <Block>
    Initializer bytes  const    0x000033a4    0x58  <for .data-1>
  .text                ro code  0x000033fc    0x40  zero_init3.o [5]
  .rodata              const    0x0000343c    0x30  vectors.o [1]
  .text                ro code  0x0000346c    0x28  data_init.o [5]
  CodeRelocate                  0x00003494    0x28  <Block>
    Initializer bytes  const    0x00003494    0x28  <for CodeRelocateRam-1>
  .rodata              const    0x000034bc    0x24  vectors.o [1]
  .text                ro code  0x000034e0    0x22  fpinit_M.o [4]
  .text                ro code  0x00003502    0x22  iarwrite.o [6]
  .iar.init_table      const    0x00003524    0x10  - Linker created -
  .text                ro code  0x00003534    0x20  putchar.o [3]
  .text                ro code  0x00003554    0x10  write.o [6]
  .text                ro code  0x00003564    0x1e  dwrite.o [6]
  .text                ro code  0x00003582    0x20  iarwstd.o [6]
  .text                ro code  0x000035a4    0x1e  cmain.o [5]
  .text                ro code  0x000035c2     0x4  low_level_init.o [3]
  .text                ro code  0x000035c6     0x4  exit.o [3]
  .text                ro code  0x000035cc     0xa  cexit.o [5]
  .rodata              const    0x000035d8    0x18  vectors.o [1]
  .text                ro code  0x000035f0    0x16  xprout.o [3]
  .rodata              const    0x00003608     0xc  vectors.o [1]
  .rodata              const    0x00003614     0xc  vectors.o [1]
  .rodata              const    0x00003620     0xc  vectors.o [1]
  .rodata              const    0x0000362c     0xc  vectors.o [1]
  .rodata              const    0x00003638     0xc  vectors.o [1]
  .rodata              const    0x00003644     0xc  vectors.o [1]
  .rodata              const    0x00003650     0xc  vectors.o [1]
  .rodata              const    0x0000365c     0xc  vectors.o [1]
  .rodata              const    0x00003668     0xc  vectors.o [1]
  .rodata              const    0x00003674     0xc  vectors.o [1]
  .rodata              const    0x00003680     0xc  vectors.o [1]
  .rodata              const    0x0000368c     0xc  vectors.o [1]
  .rodata              const    0x00003698     0xc  vectors.o [1]
  .text                ro code  0x000036a4     0xc  cstartup_M.o [5]
                              - 0x000036b0  0x3224

"P2", part 1 of 2:                            0x80
  .data                         0x1fff0410    0x58  <Block>
    .data-1                     0x1fff0410    0x58  <Init block>
      .data            inited   0x1fff0410     0x8  ADC.o [1]
      .data            inited   0x1fff0418    0x10  FTM.o [1]
      .data            inited   0x1fff0428     0x4  pid.o [1]
      .data            inited   0x1fff042c     0x4  pid.o [1]
      .data            inited   0x1fff0430    0x14  port.o [1]
      .data            inited   0x1fff0444    0x14  UART.o [1]
      .data            inited   0x1fff0458     0x8  UART.o [1]
      .data            inited   0x1fff0460     0x8  XShttio.o [3]
  CodeRelocateRam               0x1fff0468    0x28  <Block>
    CodeRelocateRam-1           0x1fff0468    0x28  <Init block>
      .textrw          inited   0x1fff0468    0x28  DMA.o [1]
                              - 0x1fff0490    0x80

"P2", part 2 of 2:                          0x5860
  .bss                          0x1fff0490  0x5860  <Block>
    .bss               zero     0x1fff0490    0x10  FTM.o [1]
    .bss               zero     0x1fff04a0  0x5820  LQMT9V034.o [1]
    .bss               zero     0x1fff5cc0     0x4  pid.o [1]
    .bss               zero     0x1fff5cc4     0x4  pid.o [1]
    .bss               zero     0x1fff5cc8     0x4  pid.o [1]
    .bss               zero     0x1fff5ccc     0x4  PLL.o [1]
    .bss               zero     0x1fff5cd0     0x4  PLL.o [1]
    .bss               zero     0x1fff5cd4    0x14  UART.o [1]
    .bss               zero     0x1fff5ce8     0x4  xfail_s.o [3]
    .bss               zero     0x1fff5cec     0x1  LQMT9V034.o [1]
    .bss               zero     0x1fff5ced     0x1  LQMT9V034.o [1]
    .bss               zero     0x1fff5cee     0x1  XShttio.o [3]
                              - 0x1fff5cf0  0x5860


*******************************************************************************
*** INIT TABLE
***

          Address     Size
          -------     ----
Zero (__iar_zero_init3)
    1 destination range, total size 0x585f:
          0x1fff0490  0x585f



*******************************************************************************
*** MODULE SUMMARY
***

    Module              ro code  rw code  ro data  rw data
    ------              -------  -------  -------  -------
D:\智能车\znc\Debug\Obj: [1]
    ADC.o                   632                 8        8
    DMA.o                             40       40
    FTM.o                 1 180                16       32
    LQMT9V034.o             148                     22 562
    PIT.o                   184
    PLL.o                   344                          8
    UART.o                1 108                28       48
    common.o                 12
    crt0.o                  124
    isr.o                   232
    main.o                   86
    motor.o                 204
    pid.o                   188                 8       20
    port.o                   84                20       20
    start.o                 196
    vectors.o               280               728
    wdog.o                   56
    ------------------------------------------------------
    Total:                5 058       40      848   22 698

command line: [2]
    ------------------------------------------------------
    Total:

dl7M_tln.a: [3]
    XShttio.o                60                 8        9
    abort.o                   6
    exit.o                    4
    low_level_init.o          4
    printf.o                 40
    putchar.o                32
    xfail_s.o                64                          4
    xprintffull_nomb.o    3 618
    xprout.o                 22
    ------------------------------------------------------
    Total:                3 850                 8       13

m7M_tls.a: [4]
    DblAdd.o                360
    DblCmpGe.o               46
    DblCmpLe.o               46
    DblDiv.o                582
    DblMul.o                418
    DblSub.o                226
    DblToS32.o               58
    DblToU32.o               40
    S32ToDbl.o               34
    U32ToDbl.o               26
    fpinit_M.o               34
    frexp.o                 112
    ldexp.o                 314
    ------------------------------------------------------
    Total:                2 296

rt7M_tl.a: [5]
    ABImemcpy.o             166
    I64DivMod.o             558
    I64DivZer.o               2
    cexit.o                  10
    cmain.o                  30
    cstartup_M.o             12
    data_init.o              40
    memchr.o                 88
    strchr.o                 22
    strlen.o                 54
    zero_init3.o             64
    ------------------------------------------------------
    Total:                1 046

shb_l.a: [6]
    dwrite.o                 30
    exit.o                   20
    iarttio.o               124
    iarwrite.o               34
    iarwstd.o                32
    write.o                  16
    ------------------------------------------------------
    Total:                  256

    Gaps                     34                 4
    Linker created            8                16
----------------------------------------------------------
    Grand Total:         12 548       40      876   22 711


*******************************************************************************
*** ENTRY LIST
***

Entry                      Address    Size  Type      Object
-----                      -------    ----  ----      ------
.bss$$Base              0x1fff0490           --   Gb  - Linker created -
.bss$$Limit             0x1fff5cf0           --   Gb  - Linker created -
.data$$Base             0x1fff0410           --   Gb  - Linker created -
.data$$Limit            0x1fff0468           --   Gb  - Linker created -
.data_init$$Base        0x000033a4           --   Gb  - Linker created -
.data_init$$Limit       0x000033fc           --   Gb  - Linker created -
.iar.init_table$$Base   0x00003524           --   Gb  - Linker created -
.iar.init_table$$Limit  0x00003534           --   Gb  - Linker created -
?main                   0x000035a5          Code  Gb  cmain.o [5]
ADCN                    0x1fff0410     0x8  Data  Gb  ADC.o [1]
CodeRelocate$$Base      0x00003494           --   Gb  - Linker created -
CodeRelocate$$Limit     0x000034bc           --   Gb  - Linker created -
CodeRelocateRam$$Base   0x1fff0468           --   Gb  - Linker created -
CodeRelocateRam$$Limit  0x1fff0490           --   Gb  - Linker created -
DMA0_ISR                0x00002ef1     0x2  Code  Gb  isr.o [1]
DMATransDataStart       0x1fff0469    0x1e  Code  Gb  DMA.o [1]
FTM0_ISR                0x00002ef3    0x10  Code  Gb  isr.o [1]
FTMN                    0x1fff0418    0x10  Data  Gb  FTM.o [1]
FTM_port_mux            0x0000202d   0x1a2  Code  Lc  FTM.o [1]
Field_Over_Flag         0x1fff5ced     0x1  Data  Gb  LQMT9V034.o [1]
Image_Data              0x1fff04a0  0x5820  Data  Gb  LQMT9V034.o [1]
LPTMR_ISR               0x00002eef     0x2  Code  Gb  isr.o [1]
Line_Cont               0x1fff5cec     0x1  Data  Gb  LQMT9V034.o [1]
LoadInt                 0x0000063f    0x7a  Code  Lc  xprintffull_nomb.o [3]
NVIC_DisableIRQ         0x00002533    0x16  Code  Lc  UART.o [1]
NVIC_EnableIRQ          0x00003251    0x14  Code  Lc  PIT.o [1]
NVIC_EnableIRQ          0x0000251d    0x16  Code  Lc  UART.o [1]
PIT0_ISR                0x00002f03    0x56  Code  Gb  isr.o [1]
PLL_Init                0x00002be9   0x158  Code  Gb  PLL.o [1]
PORTA_ISR               0x00002ecb     0x2  Code  Gb  isr.o [1]
PORTB_ISR               0x00002ecd    0x1e  Code  Gb  isr.o [1]
PORTC_ISR               0x00002eeb     0x2  Code  Gb  isr.o [1]
PORTD_ISR               0x00003311    0x82  Code  Gb  LQMT9V034.o [1]
PORTE_ISR               0x00002eed     0x2  Code  Gb  isr.o [1]
PORTX                   0x1fff0430    0x14  Data  Gb  port.o [1]
PWMSetMotor2            0x00002fa5    0x8c  Code  Gb  motor.o [1]
Region$$Table$$Base     0x00003524           --   Gb  - Linker created -
Region$$Table$$Limit    0x00003534           --   Gb  - Linker created -
UART0_ISR               0x00002e81     0x2  Code  Gb  isr.o [1]
UART1_ISR               0x00002e83     0x2  Code  Gb  isr.o [1]
UART2_ISR               0x00002e85     0x2  Code  Gb  isr.o [1]
UART3_ISR               0x00002e87     0x2  Code  Gb  isr.o [1]
UART4_ISR               0x00002e89    0x42  Code  Gb  isr.o [1]
UARTN                   0x1fff0444    0x14  Data  Gb  UART.o [1]
UART_IRQn               0x1fff0458     0x8  Data  Gb  UART.o [1]
_GenldFullNoMb          0x00000fad   0x274  Code  Lc  xprintffull_nomb.o [3]
_LdtobFullNoMb          0x00000b81   0x3fe  Code  Lc  xprintffull_nomb.o [3]
_LitobFullNoMb          0x00000a29   0x112  Code  Lc  xprintffull_nomb.o [3]
_PrintfFullNoMb         0x0000048d   0x1a4  Code  Gb  xprintffull_nomb.o [3]
_Prout                  0x000035f1    0x16  Code  Gb  xprout.o [3]
_PutcharsFullNoMb       0x00001221    0x2e  Code  Lc  xprintffull_nomb.o [3]
_PutfldFullNoMb         0x000006b9   0x264  Code  Lc  xprintffull_nomb.o [3]
_PuttxtFullNoMb         0x0000091d   0x10c  Code  Lc  xprintffull_nomb.o [3]
__BOOT_STACK_ADDRESS {Abs}
                        0x2002fff8          Data  Gb  command line/config [2]
__VECTOR_RAM {Abs}      0x1fff0000          Data  Gb  command line/config [2]
__VECTOR_TABLE {Abs}    0x00000000          Data  Gb  command line/config [2]
__aeabi_cdcmple         0x00001885          Code  Gb  DblCmpLe.o [4]
__aeabi_cdrcmple        0x000018b5          Code  Gb  DblCmpGe.o [4]
__aeabi_d2iz            0x00001a21          Code  Gb  DblToS32.o [4]
__aeabi_d2uiz           0x00001dad          Code  Gb  DblToU32.o [4]
__aeabi_ddiv            0x00001b65          Code  Gb  DblDiv.o [4]
__aeabi_dmul            0x000015c9          Code  Gb  DblMul.o [4]
__aeabi_dsub            0x00001a81          Code  Gb  DblSub.o [4]
__aeabi_i2d             0x00001a5d          Code  Gb  S32ToDbl.o [4]
__aeabi_ldiv0           0x00001df5          Code  Gb  I64DivZer.o [5]
__aeabi_memcpy          0x0000176d          Code  Gb  ABImemcpy.o [5]
__aeabi_memcpy4         0x0000178d          Code  Gb  ABImemcpy.o [5]
__aeabi_memcpy8         0x0000178d          Code  Gb  ABImemcpy.o [5]
__aeabi_ui2d            0x00001dd5          Code  Gb  U32ToDbl.o [4]
__aeabi_uldivmod        0x00001399          Code  Gb  I64DivMod.o [5]
__cmain                 0x000035a5          Code  Gb  cmain.o [5]
__dwrite                0x00003565    0x1e  Code  Gb  dwrite.o [6]
__exit                  0x00001f61    0x14  Code  Gb  exit.o [6]
__hard_fault_handler_asm
                        0x0000044d          Code  Gb  crt0.o [1]
__iar_Fail_s            0x000012c9    0x1c  Code  Gb  xfail_s.o [3]
__iar_Memchr            0x00001341          Code  Gb  memchr.o [5]
__iar_Strchr            0x000012b1          Code  Gb  strchr.o [5]
__iar_close_ttio        0x00001f75    0x2c  Code  Gb  iarttio.o [6]
__iar_dadd              0x00001a91          Code  Gb  DblSub.o [4]
__iar_data_init3        0x0000346d    0x28  Code  Gb  data_init.o [5]
__iar_dsub              0x00001df9          Code  Gb  DblAdd.o [4]
__iar_dsubStart         0x00001e0b          Code  Gb  DblAdd.o [4]
__iar_frexp             0x00001821          Code  Gb  frexp.o [4]
__iar_frexpl            0x00001821          Code  Gb  frexp.o [4]
__iar_get_ttio          0x00001fa1    0x4c  Code  Gb  iarttio.o [6]
__iar_init_vfp          0x000034e1          Code  Gb  fpinit_M.o [4]
__iar_ldexp64           0x000018e5          Code  Gb  ldexp.o [4]
__iar_lookup_ttioh      0x0000201f     0x4  Code  Gb  XShttio.o [3]
__iar_program_start     0x000036a5          Code  Gb  cstartup_M.o [5]
__iar_scalbln64         0x000018e5          Code  Gb  ldexp.o [4]
__iar_scalbn64          0x000018e5          Code  Gb  ldexp.o [4]
__iar_sh_stdout         0x00003583    0x20  Code  Gb  iarwstd.o [6]
__iar_sh_write          0x00003503    0x22  Code  Gb  iarwrite.o [6]
__iar_softfp___iar_frexp64
                        0x00001815          Code  Gb  frexp.o [4]
__iar_softfp_frexp      0x00001815          Code  Gb  frexp.o [4]
__iar_softfp_frexpl     0x00001815          Code  Gb  frexp.o [4]
__iar_systems$$module {Abs}
                        0x00000001          Data  Gb  command line/config [2]
__iar_ttio_guard_lock   0x00001ff1    0x1e  Code  Gb  XShttio.o [3]
__iar_ttio_guard_unlock
                        0x0000200f    0x10  Code  Gb  XShttio.o [3]
__iar_ttio_handles      0x1fff0460     0x8  Data  Lc  XShttio.o [3]
__iar_zero_init3        0x000033fd    0x40  Code  Gb  zero_init3.o [5]
__low_level_init        0x000035c3     0x4  Code  Gb  low_level_init.o [3]
__startup               0x00000411          Code  Gb  crt0.o [1]
__vector_table          0x00000000   0x1d0  Data  Gb  vectors.o [1]
__write                 0x00003555    0x10  Code  Gb  write.o [6]
_call_main              0x000035b1          Code  Gb  cmain.o [5]
_exit                   0x000035cd          Code  Gb  cexit.o [5]
_main                   0x000035bf          Code  Gb  cmain.o [5]
ab                      0x00003035     0xc  Code  Gb  pid.o [1]
abort                   0x00001def     0x6  Code  Gb  abort.o [3]
abort_isr               0x00002d51    0x16  Code  Gb  vectors.o [1]
accerror                0x1fff5cc4     0x4  Data  Gb  pid.o [1]
adc_init                0x00002971   0x1d2  Code  Gb  ADC.o [1]
adc_once                0x00002b43    0x4c  Code  Gb  ADC.o [1]
adc_start               0x00002b8f    0x4a  Code  Lc  ADC.o [1]
bus_clk_M               0x1fff5cd0     0x4  Data  Gb  PLL.o [1]
common_startup          0x00003113    0x74  Code  Gb  start.o [1]
core_clk_M              0x1fff5ccc     0x4  Data  Gb  PLL.o [1]
default_isr             0x00002d41    0x10  Code  Gb  vectors.o [1]
direction_control       0x00003041    0x92  Code  Gb  pid.o [1]
direction_d             0x1fff042c     0x4  Data  Gb  pid.o [1]
direction_i             0x1fff5cc8     0x4  Data  Gb  pid.o [1]
direction_p             0x1fff0428     0x4  Data  Gb  pid.o [1]
exit                    0x000035c7     0x4  Code  Gb  exit.o [3]
ftm_mod                 0x1fff0490    0x10  Data  Lc  FTM.o [1]
ftm_pwm_duty            0x00002327    0x8e  Code  Gb  FTM.o [1]
ftm_pwm_init            0x000021cf   0x158  Code  Gb  FTM.o [1]
ftm_quad_init           0x000023b5    0xfa  Code  Gb  FTM.o [1]
hard_fault_handler_c    0x00002d67    0x96  Code  Gb  vectors.o [1]
lasterror               0x1fff5cc0     0x4  Data  Gb  pid.o [1]
ldexp                   0x000018e5          Code  Gb  ldexp.o [4]
ldexpl                  0x000018e5          Code  Gb  ldexp.o [4]
main                    0x000031ed    0x56  Code  Gb  main.o [1]
memchr                  0x00001341          Code  Gb  memchr.o [5]
motor_init              0x00002f69    0x3c  Code  Gb  motor.o [1]
pit_init                0x00003265    0x72  Code  Gb  PIT.o [1]
pit_irq_en              0x000032d7    0x1a  Code  Gb  PIT.o [1]
port_init               0x000024c9    0x4a  Code  Gb  port.o [1]
printf                  0x00002e59    0x28  Code  Gb  printf.o [3]
putchar                 0x00003535    0x20  Code  Gb  putchar.o [3]
scalbln                 0x000018e5          Code  Gb  ldexp.o [4]
scalblnl                0x000018e5          Code  Gb  ldexp.o [4]
scalbn                  0x000018e5          Code  Gb  ldexp.o [4]
scalbnl                 0x000018e5          Code  Gb  ldexp.o [4]
scale                   0x00000b3b    0x46  Code  Lc  xprintffull_nomb.o [3]
sec_hand                0x1fff5ce8     0x4  Data  Lc  xfail_s.o [3]
set_pit                 0x0000045f          Code  Gb  crt0.o [1]
start                   0x000030f1    0x22  Code  Gb  start.o [1]
strchr                  0x000012b1          Code  Gb  strchr.o [5]
strlen                  0x00001309          Code  Gb  strlen.o [5]
ttio_guard              0x1fff5cee     0x1  Data  Lc  XShttio.o [3]
uart_getchar            0x00002741    0x20  Code  Gb  UART.o [1]
uart_init               0x00002549   0x1f8  Code  Gb  UART.o [1]
uart_putchar            0x00002761    0x3c  Code  Gb  UART.o [1]
uart_sendbuff           0x1fff5cd4    0x14  Data  Gb  UART.o [1]
uart_sendbuffer_isr     0x00002803    0x8c  Code  Gb  UART.o [1]
uart_sendbuffer_putchar
                        0x0000288f    0x90  Code  Gb  UART.o [1]
uart_tx_irq_dis         0x000027c9    0x3a  Code  Gb  UART.o [1]
uart_tx_irq_en          0x0000279d    0x2c  Code  Gb  UART.o [1]
wdog_disable            0x000031b5    0x16  Code  Gb  wdog.o [1]
wdog_unlock             0x000031cd    0x16  Code  Gb  wdog.o [1]
write_vtor              0x00003245     0x6  Code  Gb  common.o [1]


[1] = D:\智能车\znc\Debug\Obj
[2] = command line
[3] = dl7M_tln.a
[4] = m7M_tls.a
[5] = rt7M_tl.a
[6] = shb_l.a

  12 548 bytes of readonly  code memory
      40 bytes of readwrite code memory
     876 bytes of readonly  data memory
  22 711 bytes of readwrite data memory

Errors: none
Warnings: none
