###############################################################################
#
# IAR ELF Linker V8.22.1.15669/W32 for ARM                06/Mar/2019  17:45:52
# Copyright 2007-2018 IAR Systems AB.
#
#    Output file  =  D:\智能车\znc\Debug\Exe\K66_template.out
#    Map file     =  D:\智能车\znc\Debug\List\K66_template.map
#    Command line =  
#        -f C:\Users\bread\AppData\Local\Temp\EW3FD3.tmp
#        (D:\智能车\znc\Debug\Obj\ADC.o D:\智能车\znc\Debug\Obj\common.o
#        D:\智能车\znc\Debug\Obj\crt0.o D:\智能车\znc\Debug\Obj\DMA.o
#        D:\智能车\znc\Debug\Obj\exti.o D:\智能车\znc\Debug\Obj\FTM.o
#        D:\智能车\znc\Debug\Obj\func.o D:\智能车\znc\Debug\Obj\GPIO.o
#        D:\智能车\znc\Debug\Obj\I2C.o D:\智能车\znc\Debug\Obj\isr.o
#        D:\智能车\znc\Debug\Obj\lptmr.o
#        D:\智能车\znc\Debug\Obj\LQIIC6050.o
#        D:\智能车\znc\Debug\Obj\LQMT9V034.o
#        D:\智能车\znc\Debug\Obj\main.o D:\智能车\znc\Debug\Obj\motor.o
#        D:\智能车\znc\Debug\Obj\OLED.o D:\智能车\znc\Debug\Obj\pid.o
#        D:\智能车\znc\Debug\Obj\PIT.o D:\智能车\znc\Debug\Obj\PLL.o
#        D:\智能车\znc\Debug\Obj\port.o D:\智能车\znc\Debug\Obj\RTC.o
#        D:\智能车\znc\Debug\Obj\start.o D:\智能车\znc\Debug\Obj\steer.o
#        D:\智能车\znc\Debug\Obj\system_MK66F18.o
#        D:\智能车\znc\Debug\Obj\Systick.o
#        D:\智能车\znc\Debug\Obj\u_iic.o D:\智能车\znc\Debug\Obj\UART.o
#        D:\智能车\znc\Debug\Obj\vectors.o D:\智能车\znc\Debug\Obj\wdog.o
#        -o D:\智能车\znc\Debug\Exe\K66_template.out --map
#        D:\智能车\znc\Debug\List\K66_template.map --config
#        D:\智能车\znc\Linker_Files\LQK66FLASH1M.icf --semihosting --entry
#        __iar_program_start --vfe --text_out locale)
#
###############################################################################

*******************************************************************************
*** RUNTIME MODEL ATTRIBUTES
***

CppFlavor       = *
__Heap_Handler  = DLMalloc
__SystemLibrary = DLib
__dlib_version  = 6


*******************************************************************************
*** HEAP SELECTION
***

The advanced heap was selected because the application calls memory
allocation functions outside of system library functions, and there
are calls to deallocation functions in the application.


*******************************************************************************
*** PLACEMENT SUMMARY
***

"A0":  place at 0x00000000 { ro section .intvec };
"A1":  place at 0x00000410 { ro section .noinit };
define block CodeRelocate { section .textrw_init };
"P1":  place in [from 0x00000000 to 0x00100000] |
                [from 0x10000000 to 0x10040000] { ro, block CodeRelocate };
define block CodeRelocateRam { section .textrw };
define block CSTACK with size = 8K, alignment = 8 { };
define block HEAP with size = 16K, alignment = 8 { };
"P2":  place in [from 0x1fff0410 to 0x20030000] {
          rw, block CodeRelocateRam, block CSTACK, block HEAP };
initialize manually with packing = copy, complex ranges { section .data };
initialize manually with packing = copy, complex ranges { section .textrw };

  Section              Kind        Address    Size  Object
  -------              ----        -------    ----  ------
"A0":                                        0x1d0
  .intvec              const    0x00000000   0x1d0  vectors.o [1]
                              - 0x000001d0   0x1d0

"P1", part 1 of 2:                             0x0
  .rodata              const    0x000001d0     0x0  zero_init3.o [5]

"A1":                                         0x7c
  .noinit              ro code  0x00000410    0x7c  crt0.o [1]
                              - 0x0000048c    0x7c

"P1", part 2 of 2:                          0x3844
  .text                ro code  0x0000048c   0xe22  xprintffull_nomb.o [3]
  .text                ro code  0x000012ae     0xa  xsprout.o [3]
  .text                ro code  0x000012b8    0x16  strchr.o [5]
  .text                ro code  0x000012d0    0x40  xfail_s.o [3]
  .text                ro code  0x00001310    0x36  strlen.o [5]
  .text                ro code  0x00001348    0x58  memchr.o [5]
  .text                ro code  0x000013a0   0x22e  I64DivMod.o [5]
  .text                ro code  0x000015d0   0x1a2  DblMul.o [4]
  .text                ro code  0x00001774    0xa6  ABImemcpy.o [5]
  .text                ro code  0x0000181c    0x70  frexp.o [4]
  .text                ro code  0x0000188c    0x2e  DblCmpLe.o [4]
  .text                ro code  0x000018bc    0x2e  DblCmpGe.o [4]
  .text                ro code  0x000018ec   0x13a  ldexp.o [4]
  .text                ro code  0x00001a28    0x3a  DblToS32.o [4]
  .text                ro code  0x00001a64    0x22  S32ToDbl.o [4]
  .text                ro code  0x00001a88    0xe2  DblSub.o [4]
  .text                ro code  0x00001b6c   0x246  DblDiv.o [4]
  .text                ro code  0x00001db4    0x28  DblToU32.o [4]
  .text                ro code  0x00001ddc    0x1a  U32ToDbl.o [4]
  .text                ro code  0x00001df6     0x6  abort.o [3]
  .text                ro code  0x00001dfc     0x2  I64DivZer.o [5]
  .text                ro code  0x00001e00   0x168  DblAdd.o [4]
  .text                ro code  0x00001f68    0x14  exit.o [6]
  .text                ro code  0x00001f7c    0x7c  iarttio.o [6]
  .text                ro code  0x00001ff8    0x3c  XShttio.o [3]
  Veneer               ro code  0x00002034     0x8  - Linker created -
  Veneer               ro code  0x0000203c     0x8  - Linker created -
  .text                ro code  0x00002044   0x860  LQMT9V034.o [1]
  .text                ro code  0x000028a4    0x74  exti.o [1]
  .text                ro code  0x00002918   0x490  UART.o [1]
  .text                ro code  0x00002da8    0xc4  GPIO.o [1]
  .text                ro code  0x00002e6c   0x1d0  DMA.o [1]
  .text                ro code  0x0000303c    0x40  sprintf.o [3]
  .text                ro code  0x0000307c    0x54  port.o [1]
  .text                ro code  0x000030d0    0x38  vsprintf.o [3]
  .text                ro code  0x00003108   0x178  isr.o [1]
  .text                ro code  0x00003280    0xb4  FTM.o [1]
  .text                ro code  0x00003334   0x128  pid.o [1]
  .text                ro code  0x0000345c    0x90  motor.o [1]
  .text                ro code  0x000034ec    0x9c  ADC.o [1]
  .text                ro code  0x00003588   0x158  PLL.o [1]
  .text                ro code  0x000036e0   0x118  vectors.o [1]
  .text                ro code  0x000037f8    0x28  printf.o [3]
  .text                ro code  0x00003820    0xc4  start.o [1]
  .text                ro code  0x000038e4    0x38  wdog.o [1]
  .text                ro code  0x0000391c    0x1c  main.o [1]
  .text                ro code  0x00003938     0xc  common.o [1]
  CodeRelocate                  0x00003944    0x70  <Block>
    Initializer bytes  const    0x00003944    0x70  <for CodeRelocateRam-1>
  .data_init                    0x000039b4    0x68  <Block>
    Initializer bytes  const    0x000039b4    0x68  <for .data-1>
  .text                ro code  0x00003a1c    0x40  zero_init3.o [5]
  .rodata              const    0x00003a5c    0x30  vectors.o [1]
  .text                ro code  0x00003a8c    0x28  data_init.o [5]
  .rodata              const    0x00003ab4    0x24  vectors.o [1]
  .text                ro code  0x00003ad8    0x22  fpinit_M.o [4]
  .text                ro code  0x00003afa    0x22  iarwrite.o [6]
  .iar.init_table      const    0x00003b1c    0x10  - Linker created -
  .text                ro code  0x00003b2c    0x20  putchar.o [3]
  .text                ro code  0x00003b4c    0x10  write.o [6]
  .text                ro code  0x00003b5c    0x1e  dwrite.o [6]
  .text                ro code  0x00003b7a    0x20  iarwstd.o [6]
  .text                ro code  0x00003b9c    0x1e  cmain.o [5]
  .text                ro code  0x00003bba     0x4  low_level_init.o [3]
  .text                ro code  0x00003bbe     0x4  exit.o [3]
  .text                ro code  0x00003bc4     0xa  cexit.o [5]
  .rodata              const    0x00003bd0    0x18  vectors.o [1]
  .text                ro code  0x00003be8    0x16  xprout.o [3]
  .rodata              const    0x00003c00    0x10  LQMT9V034.o [1]
  .rodata              const    0x00003c10     0xc  LQMT9V034.o [1]
  .rodata              const    0x00003c1c     0xc  LQMT9V034.o [1]
  .rodata              const    0x00003c28     0xc  vectors.o [1]
  .rodata              const    0x00003c34     0xc  vectors.o [1]
  .rodata              const    0x00003c40     0xc  vectors.o [1]
  .rodata              const    0x00003c4c     0xc  vectors.o [1]
  .rodata              const    0x00003c58     0xc  vectors.o [1]
  .rodata              const    0x00003c64     0xc  vectors.o [1]
  .rodata              const    0x00003c70     0xc  vectors.o [1]
  .rodata              const    0x00003c7c     0xc  vectors.o [1]
  .rodata              const    0x00003c88     0xc  vectors.o [1]
  .rodata              const    0x00003c94     0xc  vectors.o [1]
  .rodata              const    0x00003ca0     0xc  vectors.o [1]
  .rodata              const    0x00003cac     0xc  vectors.o [1]
  .rodata              const    0x00003cb8     0xc  vectors.o [1]
  .text                ro code  0x00003cc4     0xc  cstartup_M.o [5]
                              - 0x00003cd0  0x3844

"P2", part 1 of 2:                            0xd8
  CodeRelocateRam               0x1fff0410    0x70  <Block>
    CodeRelocateRam-1           0x1fff0410    0x70  <Init block>
      .textrw          inited   0x1fff0410    0x28  DMA.o [1]
      .textrw          inited   0x1fff0438    0x48  LQMT9V034.o [1]
  .data                         0x1fff0480    0x68  <Block>
    .data-1                     0x1fff0480    0x68  <Init block>
      .data            inited   0x1fff0480     0x8  ADC.o [1]
      .data            inited   0x1fff0488    0x10  FTM.o [1]
      .data            inited   0x1fff0498    0x14  GPIO.o [1]
      .data            inited   0x1fff04ac     0x4  pid.o [1]
      .data            inited   0x1fff04b0    0x14  port.o [1]
      .data            inited   0x1fff04c4    0x14  UART.o [1]
      .data            inited   0x1fff04d8     0x8  UART.o [1]
      .data            inited   0x1fff04e0     0x8  XShttio.o [3]
                              - 0x1fff04e8    0xd8

"P2", part 2 of 2:                          0x8490
  .bss                          0x1fff04e8  0x8490  <Block>
    .bss               zero     0x1fff04e8    0x10  FTM.o [1]
    .bss               zero     0x1fff04f8     0x4  isr.o [1]
    .bss               zero     0x1fff04fc     0x4  isr.o [1]
    .bss               zero     0x1fff0500     0x4  isr.o [1]
    .bss               zero     0x1fff0504     0x4  isr.o [1]
    .bss               zero     0x1fff0508     0x4  isr.o [1]
    .bss               zero     0x1fff050c     0x4  isr.o [1]
    .bss               zero     0x1fff0510     0x4  isr.o [1]
    .bss               zero     0x1fff0514  0x5820  LQMT9V034.o [1]
    .bss               zero     0x1fff5d34  0x1608  LQMT9V034.o [1]
    .bss               zero     0x1fff733c  0x1608  LQMT9V034.o [1]
    .bss               zero     0x1fff8944     0x4  pid.o [1]
    .bss               zero     0x1fff8948     0x4  pid.o [1]
    .bss               zero     0x1fff894c     0x4  pid.o [1]
    .bss               zero     0x1fff8950     0x4  pid.o [1]
    .bss               zero     0x1fff8954     0x4  PLL.o [1]
    .bss               zero     0x1fff8958     0x4  PLL.o [1]
    .bss               zero     0x1fff895c    0x14  UART.o [1]
    .bss               zero     0x1fff8970     0x4  xfail_s.o [3]
    .bss               zero     0x1fff8974     0x1  LQMT9V034.o [1]
    .bss               zero     0x1fff8975     0x1  LQMT9V034.o [1]
    .bss               zero     0x1fff8976     0x1  LQMT9V034.o [1]
    .bss               zero     0x1fff8977     0x1  XShttio.o [3]
                              - 0x1fff8978  0x8490


*******************************************************************************
*** INIT TABLE
***

          Address     Size
          -------     ----
Zero (__iar_zero_init3)
    1 destination range, total size 0x8490:
          0x1fff04e8  0x8490



*******************************************************************************
*** MODULE SUMMARY
***

    Module              ro code  rw code  ro data  rw data
    ------              -------  -------  -------  -------
D:\智能车\znc\Debug\Obj: [1]
    ADC.o                   156                 8        8
    DMA.o                   464       40       40
    FTM.o                   180                16       32
    GPIO.o                  196                20       20
    LQMT9V034.o           2 144       72      112   33 843
    PLL.o                   344                          8
    UART.o                1 168                28       48
    common.o                 12
    crt0.o                  124
    exti.o                  116
    isr.o                   376                         28
    main.o                   28
    motor.o                 144
    pid.o                   296                 4       20
    port.o                   84                20       20
    start.o                 196
    vectors.o               280               728
    wdog.o                   56
    ------------------------------------------------------
    Total:                6 364      112      976   34 027

command line: [2]
    ------------------------------------------------------
    Total:

dl7M_tln.a: [3]
    XShttio.o                60                 8        9
    abort.o                   6
    exit.o                    4
    low_level_init.o          4
    printf.o                 40
    putchar.o                32
    sprintf.o                64
    vsprintf.o               56
    xfail_s.o                64                          4
    xprintffull_nomb.o    3 618
    xprout.o                 22
    xsprout.o                10
    ------------------------------------------------------
    Total:                3 980                 8       13

m7M_tls.a: [4]
    DblAdd.o                360
    DblCmpGe.o               46
    DblCmpLe.o               46
    DblDiv.o                582
    DblMul.o                418
    DblSub.o                226
    DblToS32.o               58
    DblToU32.o               40
    S32ToDbl.o               34
    U32ToDbl.o               26
    fpinit_M.o               34
    frexp.o                 112
    ldexp.o                 314
    ------------------------------------------------------
    Total:                2 296

rt7M_tl.a: [5]
    ABImemcpy.o             166
    I64DivMod.o             558
    I64DivZer.o               2
    cexit.o                  10
    cmain.o                  30
    cstartup_M.o             12
    data_init.o              40
    memchr.o                 88
    strchr.o                 22
    strlen.o                 54
    zero_init3.o             64
    ------------------------------------------------------
    Total:                1 046

shb_l.a: [6]
    dwrite.o                 30
    exit.o                   20
    iarttio.o               124
    iarwrite.o               34
    iarwstd.o                32
    write.o                  16
    ------------------------------------------------------
    Total:                  256

    Gaps                     30                 4
    Linker created           16                16
----------------------------------------------------------
    Grand Total:         13 988      112    1 004   34 040


*******************************************************************************
*** ENTRY LIST
***

Entry                      Address    Size  Type      Object
-----                      -------    ----  ----      ------
.bss$$Base              0x1fff04e8           --   Gb  - Linker created -
.bss$$Limit             0x1fff8978           --   Gb  - Linker created -
.data$$Base             0x1fff0480           --   Gb  - Linker created -
.data$$Limit            0x1fff04e8           --   Gb  - Linker created -
.data_init$$Base        0x000039b4           --   Gb  - Linker created -
.data_init$$Limit       0x00003a1c           --   Gb  - Linker created -
.iar.init_table$$Base   0x00003b1c           --   Gb  - Linker created -
.iar.init_table$$Limit  0x00003b2c           --   Gb  - Linker created -
?main                   0x00003b9d          Code  Gb  cmain.o [5]
ADCN                    0x1fff0480     0x8  Data  Gb  ADC.o [1]
CodeRelocate$$Base      0x00003944           --   Gb  - Linker created -
CodeRelocate$$Limit     0x000039b4           --   Gb  - Linker created -
CodeRelocateRam$$Base   0x1fff0410           --   Gb  - Linker created -
CodeRelocateRam$$Limit  0x1fff0480           --   Gb  - Linker created -
DMA0_ISR                0x00003179     0x2  Code  Gb  isr.o [1]
DMATransDataStart       0x1fff0411    0x1e  Code  Gb  DMA.o [1]
FTM0_ISR                0x0000317b    0x10  Code  Gb  isr.o [1]
FTMN                    0x1fff0488    0x10  Data  Gb  FTM.o [1]
Field_Over_Flag         0x1fff8976     0x1  Data  Gb  LQMT9V034.o [1]
GPIOX                   0x1fff0498    0x14  Data  Gb  GPIO.o [1]
Get_01_Value            0x00002417    0xac  Code  Gb  LQMT9V034.o [1]
Get_Use_Image           0x1fff0439    0x48  Code  Gb  LQMT9V034.o [1]
Image_Data              0x1fff0514  0x5820  Data  Gb  LQMT9V034.o [1]
Image_Use               0x1fff5d34  0x1608  Data  Gb  LQMT9V034.o [1]
LPTMR_ISR               0x00003177     0x2  Code  Gb  isr.o [1]
LQMT9V034_Init          0x00002111   0x20a  Code  Gb  LQMT9V034.o [1]
Line_Cont               0x1fff8975     0x1  Data  Gb  LQMT9V034.o [1]
LoadInt                 0x0000063f    0x7a  Code  Lc  xprintffull_nomb.o [3]
MT9V034_SetAutoExposure
                        0x000023d5    0x42  Code  Gb  LQMT9V034.o [1]
MT9V034_SetFrameResolution
                        0x0000231b    0xba  Code  Gb  LQMT9V034.o [1]
NVIC_DisableIRQ         0x000028b9    0x14  Code  Lc  exti.o [1]
NVIC_DisableIRQ         0x0000292f    0x16  Code  Lc  UART.o [1]
NVIC_EnableIRQ          0x000028a5    0x14  Code  Lc  exti.o [1]
NVIC_EnableIRQ          0x00002919    0x16  Code  Lc  UART.o [1]
PIT0_ISR                0x0000318b    0xca  Code  Gb  isr.o [1]
PLL_Init                0x00003589   0x158  Code  Gb  PLL.o [1]
PORTA_ISR               0x00003153     0x2  Code  Gb  isr.o [1]
PORTB_ISR               0x00003155    0x1e  Code  Gb  isr.o [1]
PORTC_ISR               0x00003173     0x2  Code  Gb  isr.o [1]
PORTD_ISR               0x00002045    0x82  Code  Gb  LQMT9V034.o [1]
PORTE_ISR               0x00003175     0x2  Code  Gb  isr.o [1]
PORTX                   0x1fff04b0    0x14  Data  Gb  port.o [1]
PWMSetMotor2            0x0000345d    0x8c  Code  Gb  motor.o [1]
Pixle                   0x1fff733c  0x1608  Data  Gb  LQMT9V034.o [1]
Region$$Table$$Base     0x00003b1c           --   Gb  - Linker created -
Region$$Table$$Limit    0x00003b2c           --   Gb  - Linker created -
SCCB_Ack                0x000026a1    0x50  Code  Lc  LQMT9V034.o [1]
SCCB_Init               0x000024c3    0x18  Code  Gb  LQMT9V034.o [1]
SCCB_NAck               0x000026f1    0x54  Code  Lc  LQMT9V034.o [1]
SCCB_ReadByte           0x00002627    0x7a  Code  Gb  LQMT9V034.o [1]
SCCB_RegRead            0x000027cd    0x5e  Code  Gb  LQMT9V034.o [1]
SCCB_RegWrite           0x00002765    0x68  Code  Gb  LQMT9V034.o [1]
SCCB_SendByte           0x00002591    0x96  Code  Gb  LQMT9V034.o [1]
SCCB_Star               0x000024f1    0x54  Code  Gb  LQMT9V034.o [1]
SCCB_Stop               0x00002545    0x4c  Code  Gb  LQMT9V034.o [1]
SCCB_Wait               0x000024dd    0x14  Code  Gb  LQMT9V034.o [1]
Test_LQV034             0x000020c7    0x4a  Code  Gb  LQMT9V034.o [1]
Threshold               0x1fff8974     0x1  Data  Gb  LQMT9V034.o [1]
UART0_ISR               0x00003109     0x2  Code  Gb  isr.o [1]
UART1_ISR               0x0000310b     0x2  Code  Gb  isr.o [1]
UART2_ISR               0x0000310d     0x2  Code  Gb  isr.o [1]
UART3_ISR               0x0000310f     0x2  Code  Gb  isr.o [1]
UART4_ISR               0x00003111    0x42  Code  Gb  isr.o [1]
UARTN                   0x1fff04c4    0x14  Data  Gb  UART.o [1]
UARTSendPicture         0x0000282b    0x50  Code  Gb  LQMT9V034.o [1]
UART_IRQn               0x1fff04d8     0x8  Data  Gb  UART.o [1]
_GenldFullNoMb          0x00000fad   0x274  Code  Lc  xprintffull_nomb.o [3]
_LdtobFullNoMb          0x00000b81   0x3fe  Code  Lc  xprintffull_nomb.o [3]
_LitobFullNoMb          0x00000a29   0x112  Code  Lc  xprintffull_nomb.o [3]
_PrintfFullNoMb         0x0000048d   0x1a4  Code  Gb  xprintffull_nomb.o [3]
_Prout                  0x00003be9    0x16  Code  Gb  xprout.o [3]
_PutcharsFullNoMb       0x00001221    0x2e  Code  Lc  xprintffull_nomb.o [3]
_PutfldFullNoMb         0x000006b9   0x264  Code  Lc  xprintffull_nomb.o [3]
_PuttxtFullNoMb         0x0000091d   0x10c  Code  Lc  xprintffull_nomb.o [3]
_SProut                 0x000012af     0xa  Code  Gb  xsprout.o [3]
__BOOT_STACK_ADDRESS {Abs}
                        0x2002fff8          Data  Gb  command line/config [2]
__VECTOR_RAM {Abs}      0x1fff0000          Data  Gb  command line/config [2]
__VECTOR_TABLE {Abs}    0x00000000          Data  Gb  command line/config [2]
__aeabi_cdcmple         0x0000188d          Code  Gb  DblCmpLe.o [4]
__aeabi_cdrcmple        0x000018bd          Code  Gb  DblCmpGe.o [4]
__aeabi_d2iz            0x00001a29          Code  Gb  DblToS32.o [4]
__aeabi_d2uiz           0x00001db5          Code  Gb  DblToU32.o [4]
__aeabi_ddiv            0x00001b6d          Code  Gb  DblDiv.o [4]
__aeabi_dmul            0x000015d1          Code  Gb  DblMul.o [4]
__aeabi_dsub            0x00001a89          Code  Gb  DblSub.o [4]
__aeabi_i2d             0x00001a65          Code  Gb  S32ToDbl.o [4]
__aeabi_ldiv0           0x00001dfd          Code  Gb  I64DivZer.o [5]
__aeabi_memcpy          0x00001775          Code  Gb  ABImemcpy.o [5]
__aeabi_memcpy4         0x00001795          Code  Gb  ABImemcpy.o [5]
__aeabi_memcpy8         0x00001795          Code  Gb  ABImemcpy.o [5]
__aeabi_ui2d            0x00001ddd          Code  Gb  U32ToDbl.o [4]
__aeabi_uldivmod        0x000013a1          Code  Gb  I64DivMod.o [5]
__cmain                 0x00003b9d          Code  Gb  cmain.o [5]
__dwrite                0x00003b5d    0x1e  Code  Gb  dwrite.o [6]
__exit                  0x00001f69    0x14  Code  Gb  exit.o [6]
__hard_fault_handler_asm
                        0x0000044d          Code  Gb  crt0.o [1]
__iar_Fail_s            0x000012d1    0x1c  Code  Gb  xfail_s.o [3]
__iar_Memchr            0x00001349          Code  Gb  memchr.o [5]
__iar_Strchr            0x000012b9          Code  Gb  strchr.o [5]
__iar_close_ttio        0x00001f7d    0x2c  Code  Gb  iarttio.o [6]
__iar_dadd              0x00001a99          Code  Gb  DblSub.o [4]
__iar_data_init3        0x00003a8d    0x28  Code  Gb  data_init.o [5]
__iar_dsub              0x00001e01          Code  Gb  DblAdd.o [4]
__iar_dsubStart         0x00001e13          Code  Gb  DblAdd.o [4]
__iar_frexp             0x00001829          Code  Gb  frexp.o [4]
__iar_frexpl            0x00001829          Code  Gb  frexp.o [4]
__iar_get_ttio          0x00001fa9    0x4c  Code  Gb  iarttio.o [6]
__iar_init_vfp          0x00003ad9          Code  Gb  fpinit_M.o [4]
__iar_ldexp64           0x000018ed          Code  Gb  ldexp.o [4]
__iar_lookup_ttioh      0x00002027     0x4  Code  Gb  XShttio.o [3]
__iar_program_start     0x00003cc5          Code  Gb  cstartup_M.o [5]
__iar_scalbln64         0x000018ed          Code  Gb  ldexp.o [4]
__iar_scalbn64          0x000018ed          Code  Gb  ldexp.o [4]
__iar_sh_stdout         0x00003b7b    0x20  Code  Gb  iarwstd.o [6]
__iar_sh_write          0x00003afb    0x22  Code  Gb  iarwrite.o [6]
__iar_softfp___iar_frexp64
                        0x0000181d          Code  Gb  frexp.o [4]
__iar_softfp_frexp      0x0000181d          Code  Gb  frexp.o [4]
__iar_softfp_frexpl     0x0000181d          Code  Gb  frexp.o [4]
__iar_systems$$module {Abs}
                        0x00000001          Data  Gb  command line/config [2]
__iar_ttio_guard_lock   0x00001ff9    0x1e  Code  Gb  XShttio.o [3]
__iar_ttio_guard_unlock
                        0x00002017    0x10  Code  Gb  XShttio.o [3]
__iar_ttio_handles      0x1fff04e0     0x8  Data  Lc  XShttio.o [3]
__iar_zero_init3        0x00003a1d    0x40  Code  Gb  zero_init3.o [5]
__low_level_init        0x00003bbb     0x4  Code  Gb  low_level_init.o [3]
__startup               0x00000411          Code  Gb  crt0.o [1]
__vector_table          0x00000000   0x1d0  Data  Gb  vectors.o [1]
__write                 0x00003b4d    0x10  Code  Gb  write.o [6]
_call_main              0x00003ba9          Code  Gb  cmain.o [5]
_exit                   0x00003bc5          Code  Gb  cexit.o [5]
_main                   0x00003bb7          Code  Gb  cmain.o [5]
abort                   0x00001df7     0x6  Code  Gb  abort.o [3]
abort_isr               0x000036f1    0x16  Code  Gb  vectors.o [1]
accerror                0x1fff8948     0x4  Data  Gb  pid.o [1]
adc_once                0x000034ed    0x4c  Code  Gb  ADC.o [1]
adc_start               0x00003539    0x4a  Code  Lc  ADC.o [1]
bus_clk_M               0x1fff8958     0x4  Data  Gb  PLL.o [1]
common_startup          0x00003843    0x74  Code  Gb  start.o [1]
core_clk_M              0x1fff8954     0x4  Data  Gb  PLL.o [1]
default_isr             0x000036e1    0x10  Code  Gb  vectors.o [1]
direction_control       0x00003335    0x72  Code  Gb  pid.o [1]
direction_d             0x1fff8950     0x4  Data  Gb  pid.o [1]
direction_i             0x1fff894c     0x4  Data  Gb  pid.o [1]
direction_p             0x1fff04ac     0x4  Data  Gb  pid.o [1]
dma_gpio_input_init     0x00002e6d    0x4c  Code  Lc  DMA.o [1]
dma_portx2buff_init     0x00002eb9   0x164  Code  Gb  DMA.o [1]
exit                    0x00003bbf     0x4  Code  Gb  exit.o [3]
exti_disable            0x000028f9    0x20  Code  Gb  exti.o [1]
exti_enable             0x000028d5    0x24  Code  Gb  exti.o [1]
ftm_mod                 0x1fff04e8    0x10  Data  Lc  FTM.o [1]
ftm_pwm_duty            0x00003281    0x8e  Code  Gb  FTM.o [1]
ftm_quad_clean          0x0000331d     0xe  Code  Gb  FTM.o [1]
ftm_quad_get            0x0000330f     0xe  Code  Gb  FTM.o [1]
gpio_init               0x00002da9    0xbe  Code  Gb  GPIO.o [1]
hard_fault_handler_c    0x00003707    0x96  Code  Gb  vectors.o [1]
lasterror               0x1fff8944     0x4  Data  Gb  pid.o [1]
ldexp                   0x000018ed          Code  Gb  ldexp.o [4]
ldexpl                  0x000018ed          Code  Gb  ldexp.o [4]
left_speed_in           0x1fff04fc     0x4  Data  Gb  isr.o [1]
left_speed_out          0x1fff0500     0x4  Data  Gb  isr.o [1]
main                    0x0000391d    0x1c  Code  Gb  main.o [1]
memchr                  0x00001349          Code  Gb  memchr.o [5]
pid1                    0x1fff050c     0x4  Data  Gb  isr.o [1]
pid2                    0x1fff0510     0x4  Data  Gb  isr.o [1]
pid_compute             0x000033bd    0xa0  Code  Gb  pid.o [1]
port_init               0x0000307d    0x4a  Code  Gb  port.o [1]
printf                  0x000037f9    0x28  Code  Gb  printf.o [3]
putchar                 0x00003b2d    0x20  Code  Gb  putchar.o [3]
right_speed_in          0x1fff0504     0x4  Data  Gb  isr.o [1]
right_speed_out         0x1fff0508     0x4  Data  Gb  isr.o [1]
scalbln                 0x000018ed          Code  Gb  ldexp.o [4]
scalblnl                0x000018ed          Code  Gb  ldexp.o [4]
scalbn                  0x000018ed          Code  Gb  ldexp.o [4]
scalbnl                 0x000018ed          Code  Gb  ldexp.o [4]
scale                   0x00000b3b    0x46  Code  Lc  xprintffull_nomb.o [3]
sec_hand                0x1fff8970     0x4  Data  Lc  xfail_s.o [3]
set_pit                 0x0000045f          Code  Gb  crt0.o [1]
sprintf                 0x0000303d    0x40  Code  Gb  sprintf.o [3]
start                   0x00003821    0x22  Code  Gb  start.o [1]
strchr                  0x000012b9          Code  Gb  strchr.o [5]
strlen                  0x00001311          Code  Gb  strlen.o [5]
time_count              0x1fff04f8     0x4  Data  Gb  isr.o [1]
ttio_guard              0x1fff8977     0x1  Data  Lc  XShttio.o [3]
uart_getchar            0x00002b3d    0x20  Code  Gb  UART.o [1]
uart_init               0x00002945   0x1f8  Code  Gb  UART.o [1]
uart_printf             0x00002c1b    0x22  Code  Gb  UART.o [1]
uart_putchar            0x00002b5d    0x3c  Code  Gb  UART.o [1]
uart_putstr             0x00002b99    0x1c  Code  Gb  UART.o [1]
uart_sendbuff           0x1fff895c    0x14  Data  Gb  UART.o [1]
uart_sendbuffer_isr     0x00002c3d    0x8c  Code  Gb  UART.o [1]
uart_sendbuffer_putchar
                        0x00002cc9    0x90  Code  Gb  UART.o [1]
uart_tx_irq_dis         0x00002be1    0x3a  Code  Gb  UART.o [1]
uart_tx_irq_en          0x00002bb5    0x2c  Code  Gb  UART.o [1]
vsprintf                0x000030d1    0x38  Code  Gb  vsprintf.o [3]
wdog_disable            0x000038e5    0x16  Code  Gb  wdog.o [1]
wdog_unlock             0x000038fd    0x16  Code  Gb  wdog.o [1]
write_vtor              0x00003939     0x6  Code  Gb  common.o [1]


[1] = D:\智能车\znc\Debug\Obj
[2] = command line
[3] = dl7M_tln.a
[4] = m7M_tls.a
[5] = rt7M_tl.a
[6] = shb_l.a

  13 988 bytes of readonly  code memory
     112 bytes of readwrite code memory
   1 004 bytes of readonly  data memory
  34 040 bytes of readwrite data memory

Errors: none
Warnings: none
